============================= test session starts ==============================
platform darwin -- Python 3.10.1, pytest-9.0.1, pluggy-1.6.0 -- /Library/Frameworks/Python.framework/Versions/3.10/bin/python3
cachedir: .pytest_cache
rootdir: /Users/alexmerced/development/2026/dremio-cloud-dremioframe
configfile: pyproject.toml
testpaths: tests
plugins: anyio-4.12.0, asyncio-1.3.0, requests-mock-1.12.1, langsmith-0.4.49
asyncio: mode=strict, debug=False, asyncio_default_fixture_loop_scope=None, asyncio_default_test_loop_scope=function
collecting ... collected 223 items / 220 deselected / 3 selected

tests/test_integration_etl.py::test_etl_pipeline_sql SKIPPED (DREMIO...) [ 33%]
tests/test_integration_etl.py::test_etl_pipeline_builder SKIPPED (DR...) [ 66%]
tests/test_orchestration_live.py::test_orchestration_live_dremio PASSED  [100%]

=============================== warnings summary ===============================
../../../../../Library/Frameworks/Python.framework/Versions/3.10/lib/python3.10/site-packages/google/api_core/_python_version_support.py:266
  /Library/Frameworks/Python.framework/Versions/3.10/lib/python3.10/site-packages/google/api_core/_python_version_support.py:266: FutureWarning: You are using a Python version (3.10.1) which Google will stop supporting in new releases of google.api_core once it reaches its end of life (2026-10-04). Please upgrade to the latest Python version, or at least Python 3.11, to continue receiving updates for google.api_core past that date.
    warnings.warn(message, FutureWarning)

../../../../../Library/Frameworks/Python.framework/Versions/3.10/lib/python3.10/site-packages/pyiceberg/table/metadata.py:366
  /Library/Frameworks/Python.framework/Versions/3.10/lib/python3.10/site-packages/pyiceberg/table/metadata.py:366: PydanticDeprecatedSince212: Using `@model_validator` with mode='after' on a classmethod is deprecated. Instead, use an instance method. See the documentation at https://docs.pydantic.dev/2.12/concepts/validators/#model-after-validator. Deprecated in Pydantic V2.12 to be removed in V3.0.
    def construct_refs(cls, data: TableMetadataV1) -> TableMetadataV1:

../../../../../Library/Frameworks/Python.framework/Versions/3.10/lib/python3.10/site-packages/pyiceberg/table/metadata.py:495
  /Library/Frameworks/Python.framework/Versions/3.10/lib/python3.10/site-packages/pyiceberg/table/metadata.py:495: PydanticDeprecatedSince212: Using `@model_validator` with mode='after' on a classmethod is deprecated. Instead, use an instance method. See the documentation at https://docs.pydantic.dev/2.12/concepts/validators/#model-after-validator. Deprecated in Pydantic V2.12 to be removed in V3.0.
    def check_schemas(cls, table_metadata: TableMetadata) -> TableMetadata:

../../../../../Library/Frameworks/Python.framework/Versions/3.10/lib/python3.10/site-packages/pyiceberg/table/metadata.py:499
  /Library/Frameworks/Python.framework/Versions/3.10/lib/python3.10/site-packages/pyiceberg/table/metadata.py:499: PydanticDeprecatedSince212: Using `@model_validator` with mode='after' on a classmethod is deprecated. Instead, use an instance method. See the documentation at https://docs.pydantic.dev/2.12/concepts/validators/#model-after-validator. Deprecated in Pydantic V2.12 to be removed in V3.0.
    def check_partition_specs(cls, table_metadata: TableMetadata) -> TableMetadata:

../../../../../Library/Frameworks/Python.framework/Versions/3.10/lib/python3.10/site-packages/pyiceberg/table/metadata.py:503
  /Library/Frameworks/Python.framework/Versions/3.10/lib/python3.10/site-packages/pyiceberg/table/metadata.py:503: PydanticDeprecatedSince212: Using `@model_validator` with mode='after' on a classmethod is deprecated. Instead, use an instance method. See the documentation at https://docs.pydantic.dev/2.12/concepts/validators/#model-after-validator. Deprecated in Pydantic V2.12 to be removed in V3.0.
    def check_sort_orders(cls, table_metadata: TableMetadata) -> TableMetadata:

../../../../../Library/Frameworks/Python.framework/Versions/3.10/lib/python3.10/site-packages/pyiceberg/table/metadata.py:507
  /Library/Frameworks/Python.framework/Versions/3.10/lib/python3.10/site-packages/pyiceberg/table/metadata.py:507: PydanticDeprecatedSince212: Using `@model_validator` with mode='after' on a classmethod is deprecated. Instead, use an instance method. See the documentation at https://docs.pydantic.dev/2.12/concepts/validators/#model-after-validator. Deprecated in Pydantic V2.12 to be removed in V3.0.
    def construct_refs(cls, table_metadata: TableMetadata) -> TableMetadata:

../../../../../Library/Frameworks/Python.framework/Versions/3.10/lib/python3.10/site-packages/pyiceberg/table/metadata.py:539
  /Library/Frameworks/Python.framework/Versions/3.10/lib/python3.10/site-packages/pyiceberg/table/metadata.py:539: PydanticDeprecatedSince212: Using `@model_validator` with mode='after' on a classmethod is deprecated. Instead, use an instance method. See the documentation at https://docs.pydantic.dev/2.12/concepts/validators/#model-after-validator. Deprecated in Pydantic V2.12 to be removed in V3.0.
    def check_schemas(cls, table_metadata: TableMetadata) -> TableMetadata:

../../../../../Library/Frameworks/Python.framework/Versions/3.10/lib/python3.10/site-packages/pyiceberg/table/metadata.py:543
  /Library/Frameworks/Python.framework/Versions/3.10/lib/python3.10/site-packages/pyiceberg/table/metadata.py:543: PydanticDeprecatedSince212: Using `@model_validator` with mode='after' on a classmethod is deprecated. Instead, use an instance method. See the documentation at https://docs.pydantic.dev/2.12/concepts/validators/#model-after-validator. Deprecated in Pydantic V2.12 to be removed in V3.0.
    def check_partition_specs(cls, table_metadata: TableMetadata) -> TableMetadata:

../../../../../Library/Frameworks/Python.framework/Versions/3.10/lib/python3.10/site-packages/pyiceberg/table/metadata.py:547
  /Library/Frameworks/Python.framework/Versions/3.10/lib/python3.10/site-packages/pyiceberg/table/metadata.py:547: PydanticDeprecatedSince212: Using `@model_validator` with mode='after' on a classmethod is deprecated. Instead, use an instance method. See the documentation at https://docs.pydantic.dev/2.12/concepts/validators/#model-after-validator. Deprecated in Pydantic V2.12 to be removed in V3.0.
    def check_sort_orders(cls, table_metadata: TableMetadata) -> TableMetadata:

../../../../../Library/Frameworks/Python.framework/Versions/3.10/lib/python3.10/site-packages/pyiceberg/table/metadata.py:551
  /Library/Frameworks/Python.framework/Versions/3.10/lib/python3.10/site-packages/pyiceberg/table/metadata.py:551: PydanticDeprecatedSince212: Using `@model_validator` with mode='after' on a classmethod is deprecated. Instead, use an instance method. See the documentation at https://docs.pydantic.dev/2.12/concepts/validators/#model-after-validator. Deprecated in Pydantic V2.12 to be removed in V3.0.
    def construct_refs(cls, table_metadata: TableMetadata) -> TableMetadata:

tests/test_integration_ai.py:5
  /Users/alexmerced/development/2026/dremio-cloud-dremioframe/tests/test_integration_ai.py:5: PytestUnknownMarkWarning: Unknown pytest.mark.integration - is this a typo?  You can register custom marks to avoid this warning - for details, see https://docs.pytest.org/en/stable/how-to/mark.html
    @pytest.mark.integration

-- Docs: https://docs.pytest.org/en/stable/how-to/capture-warnings.html
========== 1 passed, 2 skipped, 220 deselected, 11 warnings in 3.46s ===========
